goodboy@fireBird MINGW64 /e/firebird-study/git/git-init
$ git config --global user.name "firebird"

goodboy@fireBird MINGW64 /e/firebird-study/git/git-init
$ git config --global user.email "firsthibernate@163.com"

goodboy@fireBird MINGW64 /e/firebird-study/git/git-init
$ cd E:\firebird-study\git
bash: cd: E:firebird-studygit: No such file or directory

goodboy@fireBird MINGW64 /e/firebird-study/git/git-init
$ cd E:\firebird-study\git\git-init
bash: cd: E:firebird-studygitgit-init: No such file or directory

goodboy@fireBird MINGW64 /e/firebird-study/git/git-init
$ cd d:
bash: cd: d:: No such file or directory

goodboy@fireBird MINGW64 /e/firebird-study/git/git-init
$ d:
bash: d:: command not found

goodboy@fireBird MINGW64 /e/firebird-study/git/git-init
$ d
bash: d: command not found

goodboy@fireBird MINGW64 /e/firebird-study/git/git-init
$ cd e:

goodboy@fireBird MINGW64 /e
$ cd E:\firebird-study\git\git-init
bash: cd: E:firebird-studygitgit-init: No such file or directory

goodboy@fireBird MINGW64 /e
$ ll
total 12
drwxr-xr-x 1 goodboy 197121 0 10? 22  2016 '$RECYCLE.BIN'/
drwxr-xr-x 1 goodboy 197121 0  5? 17 17:41  firebird-study/
drwxr-xr-x 1 goodboy 197121 0  5? 26  2019 'System Volume Information'/
drwxr-xr-x 1 goodboy 197121 0  3? 17 21:16  xj/
drwxr-xr-x 1 goodboy 197121 0 10? 28  2018  ??/
drwxr-xr-x 1 goodboy 197121 0  1? 14  2018  ??????/
drwxr-xr-x 1 goodboy 197121 0 10? 27  2019  ??/
drwxr-xr-x 1 goodboy 197121 0 10?  6  2019  ????/

goodboy@fireBird MINGW64 /e
$ cd firebird-study/
ActiveMQ.docx        Java????.docx    MyCat.docx
Dubbo.docx           Jenkins.docx         MySQL.docx
EasyUI.docx          Kafka.docx           Redis.docx
git/                 Linux.docx           Spring.docx
git.docx             Maven.docx           SpringMVC.docx
Http.docx            MyBatis.docx         Svn.docx
Java???.docx      MyBatis+Spring.docx  Tomcat.docx

goodboy@fireBird MINGW64 /e
$ cd firebird-study/git
git/      git.docx

goodboy@fireBird MINGW64 /e
$ cd firebird-study/git/
~$t-????.docx  git-init/          git-????.docx  ????.txt

goodboy@fireBird MINGW64 /e
$ cd firebird-study/git/git-init/

goodboy@fireBird MINGW64 /e/firebird-study/git/git-init
$ git init
Initialized empty Git repository in E:/firebird-study/git/git-init/.git/

goodboy@fireBird MINGW64 /e/firebird-study/git/git-init (master)
$ ll
total 0
-rw-r--r-- 1 goodboy 197121 0  5? 17 17:46 readme.txt

goodboy@fireBird MINGW64 /e/firebird-study/git/git-init (master)
$ git add readme.txt -m "??readme.txt??"
error: unknown switch `m'
usage: git add [<options>] [--] <pathspec>...

    -n, --dry-run         dry run
    -v, --verbose         be verbose

    -i, --interactive     interactive picking
    -p, --patch           select hunks interactively
    -e, --edit            edit current diff and apply
    -f, --force           allow adding otherwise ignored files
    -u, --update          update tracked files
    --renormalize         renormalize EOL of tracked files (implies -u)
    -N, --intent-to-add   record only the fact that the path will be added later
    -A, --all             add changes from all tracked and untracked files
    --ignore-removal      ignore paths removed in the working tree (same as --no-all)
    --refresh             don't add, only refresh the index
    --ignore-errors       just skip files which cannot be added because of errors
    --ignore-missing      check if - even missing - files are ignored in dry run
    --chmod (+|-)x        override the executable bit of the listed files
    --pathspec-from-file <file>
                          read pathspec from file
    --pathspec-file-nul   with --pathspec-from-file, pathspec elements are separated with NUL character


goodboy@fireBird MINGW64 /e/firebird-study/git/git-init (master)
$


goodboy@fireBird MINGW64 /e/firebird-study/git/git-init (master)
$

goodboy@fireBird MINGW64 /e/firebird-study/git/git-init (master)
$ git add readme.txt

goodboy@fireBird MINGW64 /e/firebird-study/git/git-init (master)
$ git commit -m "??readme.txt??"
[master (root-commit) 32e1702] ??readme.txt??
 1 file changed, 0 insertions(+), 0 deletions(-)
 create mode 100644 readme.txt

goodboy@fireBird MINGW64 /e/firebird-study/git/git-init (master)
$ git status
On branch master
nothing to commit, working tree clean

goodboy@fireBird MINGW64 /e/firebird-study/git/git-init (master)
$ git status
On branch master
Changes not staged for commit:
  (use "git add <file>..." to update what will be committed)
  (use "git restore <file>..." to discard changes in working directory)
        modified:   readme.txt

no changes added to commit (use "git add" and/or "git commit -a")

goodboy@fireBird MINGW64 /e/firebird-study/git/git-init (master)
$ git diff readme.txt
diff --git a/readme.txt b/readme.txt
index e69de29..cb456ba 100644
--- a/readme.txt
+++ b/readme.txt
@@ -0,0 +1 @@
+????git
\ No newline at end of file

goodboy@fireBird MINGW64 /e/firebird-study/git/git-init (master)
$ git add readme.txt

goodboy@fireBird MINGW64 /e/firebird-study/git/git-init (master)
$ git status
On branch master
Changes to be committed:
  (use "git restore --staged <file>..." to unstage)
        modified:   readme.txt


goodboy@fireBird MINGW64 /e/firebird-study/git/git-init (master)
$ git commit -m "??readme.txt??"
[master eae4543] ??readme.txt??
 1 file changed, 1 insertion(+)

goodboy@fireBird MINGW64 /e/firebird-study/git/git-init (master)
$ git status
On branch master
nothing to commit, working tree clean

goodboy@fireBird MINGW64 /e/firebird-study/git/git-init (master)
$ git diff readme.txt

goodboy@fireBird MINGW64 /e/firebird-study/git/git-init (master)
$ git status
On branch master
Changes not staged for commit:
  (use "git add <file>..." to update what will be committed)
  (use "git restore <file>..." to discard changes in working directory)
        modified:   readme.txt

no changes added to commit (use "git add" and/or "git commit -a")

goodboy@fireBird MINGW64 /e/firebird-study/git/git-init (master)
$ git diff readme.txt
diff --git a/readme.txt b/readme.txt
index cb456ba..f487aa8 100644
--- a/readme.txt
+++ b/readme.txt
@@ -1 +1,2 @@
-????git
\ No newline at end of file
+????git
+3333333333
\ No newline at end of file

goodboy@fireBird MINGW64 /e/firebird-study/git/git-init (master)
$ git commit
On branch master
Changes not staged for commit:
        modified:   readme.txt

no changes added to commit

goodboy@fireBird MINGW64 /e/firebird-study/git/git-init (master)
$ git add readme.txt

goodboy@fireBird MINGW64 /e/firebird-study/git/git-init (master)
$ git status
On branch master
Changes to be committed:
  (use "git restore --staged <file>..." to unstage)
        modified:   readme.txt


goodboy@fireBird MINGW64 /e/firebird-study/git/git-init (master)
$ git commit
Aborting commit due to empty commit message.

goodboy@fireBird MINGW64 /e/firebird-study/git/git-init (master)
$ git commit -m
error: switch `m' requires a value

goodboy@fireBird MINGW64 /e/firebird-study/git/git-init (master)
$ git commit -m "??"
[master dc715fd] ??
 1 file changed, 2 insertions(+), 1 deletion(-)

goodboy@fireBird MINGW64 /e/firebird-study/git/git-init (master)
$ git status
On branch master
nothing to commit, working tree clean

goodboy@fireBird MINGW64 /e/firebird-study/git/git-init (master)
$ git diff

goodboy@fireBird MINGW64 /e/firebird-study/git/git-init (master)
$ git diff readme.txt

goodboy@fireBird MINGW64 /e/firebird-study/git/git-init (master)
$ git log
commit dc715fdf4556982cc0a5fe740307d8875c0d2a6b (HEAD -> master)
Author: firebird <firsthibernate@163.com>
Date:   Sun May 17 17:53:38 2020 +0800

    ??

commit eae454324045b78a630e8a2c22b342ed6def01fa
Author: firebird <firsthibernate@163.com>
Date:   Sun May 17 17:51:12 2020 +0800

    ??readme.txt??

commit 32e1702904ee6c2d55b3922d4674dc97f188b1a8
Author: firebird <firsthibernate@163.com>
Date:   Sun May 17 17:48:33 2020 +0800

    ??readme.txt??

goodboy@fireBird MINGW64 /e/firebird-study/git/git-init (master)
$ git log --pretty==oneline
fatal: invalid --pretty format: =oneline

goodboy@fireBird MINGW64 /e/firebird-study/git/git-init (master)
$ git log --pretty=oneline
dc715fdf4556982cc0a5fe740307d8875c0d2a6b (HEAD -> master) ??
eae454324045b78a630e8a2c22b342ed6def01fa ??readme.txt??
32e1702904ee6c2d55b3922d4674dc97f188b1a8 ??readme.txt??

goodboy@fireBird MINGW64 /e/firebird-study/git/git-init (master)
$

goodboy@fireBird MINGW64 /e/firebird-study/git/git-init (master)
$ cat readme.txt
????git
3333333333
goodboy@fireBird MINGW64 /e/firebird-study/git/git-init (master)
$ git reset --hard HEAD^
HEAD is now at eae4543 ??readme.txt??

goodboy@fireBird MINGW64 /e/firebird-study/git/git-init (master)
$ cat readme.txt
????git
goodboy@fireBird MINGW64 /e/firebird-study/git/git-init (master)
$ vi readme.txt

goodboy@fireBird MINGW64 /e/firebird-study/git/git-init (master)
$ cat readme.txt
????git
Xujuan
TangJinYi

goodboy@fireBird MINGW64 /e/firebird-study/git/git-init (master)
$ git status
On branch master
Changes not staged for commit:
  (use "git add <file>..." to update what will be committed)
  (use "git restore <file>..." to discard changes in working directory)
        modified:   readme.txt

no changes added to commit (use "git add" and/or "git commit -a")

goodboy@fireBird MINGW64 /e/firebird-study/git/git-init (master)
$ git diff
warning: LF will be replaced by CRLF in readme.txt.
The file will have its original line endings in your working directory
diff --git a/readme.txt b/readme.txt
index cb456ba..67d315a 100644
--- a/readme.txt
+++ b/readme.txt
@@ -1 +1,3 @@
-????git
\ No newline at end of file
+????git
+Xujuan
+TangJinYi

goodboy@fireBird MINGW64 /e/firebird-study/git/git-init (master)
$ git add readme.txt
warning: LF will be replaced by CRLF in readme.txt.
The file will have its original line endings in your working directory

goodboy@fireBird MINGW64 /e/firebird-study/git/git-init (master)
$ git commit -m "????????"
[master ab61891] ????????
 1 file changed, 3 insertions(+), 1 deletion(-)

goodboy@fireBird MINGW64 /e/firebird-study/git/git-init (master)
$ git log
commit ab61891aa0bdd5e06aaa7da7e251f6ef8fc74fe1 (HEAD -> master)
Author: firebird <firsthibernate@163.com>
Date:   Sun May 17 18:12:23 2020 +0800

    ????????

commit eae454324045b78a630e8a2c22b342ed6def01fa
Author: firebird <firsthibernate@163.com>
Date:   Sun May 17 17:51:12 2020 +0800

    ??readme.txt??

commit 32e1702904ee6c2d55b3922d4674dc97f188b1a8
Author: firebird <firsthibernate@163.com>
Date:   Sun May 17 17:48:33 2020 +0800

    ??readme.txt??

goodboy@fireBird MINGW64 /e/firebird-study/git/git-init (master)
$ git log --pretty=oneline
ab61891aa0bdd5e06aaa7da7e251f6ef8fc74fe1 (HEAD -> master) ????????
eae454324045b78a630e8a2c22b342ed6def01fa ??readme.txt??
32e1702904ee6c2d55b3922d4674dc97f188b1a8 ??readme.txt??

goodboy@fireBird MINGW64 /e/firebird-study/git/git-init (master)
$ git reset --hard HEAD^
HEAD is now at eae4543 ??readme.txt??

goodboy@fireBird MINGW64 /e/firebird-study/git/git-init (master)
$ cat readme.txt
????git
goodboy@fireBird MINGW64 /e/firebird-study/git/git-init (master)
$ git log
commit eae454324045b78a630e8a2c22b342ed6def01fa (HEAD -> master)
Author: firebird <firsthibernate@163.com>
Date:   Sun May 17 17:51:12 2020 +0800

    ??readme.txt??

commit 32e1702904ee6c2d55b3922d4674dc97f188b1a8
Author: firebird <firsthibernate@163.com>
Date:   Sun May 17 17:48:33 2020 +0800

    ??readme.txt??

goodboy@fireBird MINGW64 /e/firebird-study/git/git-init (master)
$ git reflog
eae4543 (HEAD -> master) HEAD@{0}: reset: moving to HEAD^
ab61891 HEAD@{1}: commit: ????????
eae4543 (HEAD -> master) HEAD@{2}: reset: moving to HEAD^
dc715fd HEAD@{3}: commit: ??
eae4543 (HEAD -> master) HEAD@{4}: commit: ??readme.txt??
32e1702 HEAD@{5}: commit (initial): ??readme.txt??

goodboy@fireBird MINGW64 /e/firebird-study/git/git-init (master)
$ git reset --hard ab61891
HEAD is now at ab61891 ????????

goodboy@fireBird MINGW64 /e/firebird-study/git/git-init (master)
$ cat readme.txt
????git
Xujuan
TangJinYi

goodboy@fireBird MINGW64 /e/firebird-study/git/git-init (master)
$ git log
commit ab61891aa0bdd5e06aaa7da7e251f6ef8fc74fe1 (HEAD -> master)
Author: firebird <firsthibernate@163.com>
Date:   Sun May 17 18:12:23 2020 +0800

    ????????

commit eae454324045b78a630e8a2c22b342ed6def01fa
Author: firebird <firsthibernate@163.com>
Date:   Sun May 17 17:51:12 2020 +0800

    ??readme.txt??

commit 32e1702904ee6c2d55b3922d4674dc97f188b1a8
Author: firebird <firsthibernate@163.com>
Date:   Sun May 17 17:48:33 2020 +0800

    ??readme.txt??

goodboy@fireBird MINGW64 /e/firebird-study/git/git-init (master)
$